// Jest Snapshot v1, https://goo.gl/fbAQLP

exports[`ArticleList tests renders correctly 1`] = `
<div>
  <div>
    <ul
      class="articleList"
    >
      <li
        class="articleGrid"
      >
        <article
          class="articleBody"
        >
          <h2
            class="articleTitle"
          >
            The Statue of Liberty's torch heads to new museum
          </h2>
          
          <button
            class="toggleButton"
          >
            Show more
          </button>
        </article>
      </li>
      <li
        class="articleGrid"
      >
        <article
          class="articleBody"
        >
          <h2
            class="articleTitle"
          >
            You can take a pie on a plane
          </h2>
          
          <button
            class="toggleButton"
          >
            Show more
          </button>
        </article>
      </li>
      <li
        class="articleGrid"
      >
        <article
          class="articleBody"
        >
          <h2
            class="articleTitle"
          >
            Butter is back, just in time for the holidays
          </h2>
          
          <button
            class="toggleButton"
          >
            Show more
          </button>
        </article>
      </li>
      <li
        class="articleGrid"
      >
        <article
          class="articleBody"
        >
          <h2
            class="articleTitle"
          >
            Boeing's 777X jetliner comes together 
          </h2>
          
          <button
            class="toggleButton"
          >
            Show more
          </button>
        </article>
      </li>
    </ul>
  </div>
</div>
`;
